________Welcome to Monopoly LK!________
____________The Players are____________
     Player 1: AGGRESIVE INVESTOR
     Player 2: CONSERVATIVE BANKER
     Player 3: RISK TAKER
     Player 4: OPPORTUNISTIC TRADER
Aggressive Investor rolls 4.
Conservative Banker rolls 4.
Risk Taker rolls 4.
Opportunistic Trader rolls 4.
-----------------------------------------
Player 1: Aggressive Investor
-----------------------------------------
Player 2: Conservative Banker
-----------------------------------------
Player 3: Risk Taker
-----------------------------------------
Player 4: Opportunistic Trader
############################################
ROUND : 0
Player Name_____Available Cash____Properties
Aggressive Investor       30000 LKR   0
Conservative Banker       30000 LKR   0
Risk Taker                30000 LKR   0
Opportunistic Trader      30000 LKR   0
